// Jest Snapshot v1, https://goo.gl/fbAQLP

exports[`Should render Header correctly 1`] = `
<header>
  <h1>
    Portfolio
  </h1>
  <NavLink
    activeClassName="is-active"
    aria-current="page"
    exact={true}
    to="/"
  >
    Dashboard
  </NavLink>
  <NavLink
    activeClassName="is-active"
    aria-current="page"
    exact={true}
    to="/create-expense"
  >
    Create Expense
  </NavLink>
  <NavLink
    activeClassName="is-active"
    aria-current="page"
    exact={true}
    to="/portfolio"
  >
    Portfolio
  </NavLink>
  <NavLink
    activeClassName="is-active"
    aria-current="page"
    to="/contact"
  >
    Contact
  </NavLink>
</header>
`;
